/home/yunus/PycharmProjects/ARU-Net-image-preprocessing/data_labelled_jpg/K.2330Final.jpg
/home/yunus/PycharmProjects/ARU-Net-image-preprocessing/data_labelled_jpg/K.6067Final.jpg
/home/yunus/PycharmProjects/ARU-Net-image-preprocessing/data_labelled_jpg/K.2558final.jpg
/home/yunus/PycharmProjects/ARU-Net-image-preprocessing/data_labelled_jpg/Rm.112Final.jpg
/home/yunus/PycharmProjects/ARU-Net-image-preprocessing/data_labelled_jpg/K.2340Final.jpg
/home/yunus/PycharmProjects/ARU-Net-image-preprocessing/data_labelled_jpg/K.9865final.jpg
/home/yunus/PycharmProjects/ARU-Net-image-preprocessing/data_labelled_jpg/Rm.107Final.jpg
/home/yunus/PycharmProjects/ARU-Net-image-preprocessing/data_labelled_jpg/K.2025PrelimTrial.jpg
/home/yunus/PycharmProjects/ARU-Net-image-preprocessing/data_labelled_jpg/K.2025Prelim.jpg
/home/yunus/PycharmProjects/ARU-Net-image-preprocessing/data_labelled_jpg/K.8177Final.jpg
/home/yunus/PycharmProjects/ARU-Net-image-preprocessing/data_labelled_jpg/K.2031Ready.jpg
/home/yunus/PycharmProjects/ARU-Net-image-preprocessing/data_labelled_jpg/Sm.1973Final.jpg
/home/yunus/PycharmProjects/ARU-Net-image-preprocessing/data_labelled_jpg/Sm.1968Final.jpg
/home/yunus/PycharmProjects/ARU-Net-image-preprocessing/data_labelled_jpg/K.10222Final.jpg